warning: unnecessary parentheses around block return value
   --> src/dsp/envelope.rs:325:17
    |
325 |                 (0.204 + t * (0.29 - 0.204))
    |                 ^                          ^
    |
    = note: `#[warn(unused_parens)]` on by default
help: remove these parentheses
    |
325 -                 (0.204 + t * (0.29 - 0.204))
325 +                 0.204 + t * (0.29 - 0.204)
    |

warning: unused variable: `rms_similarity`
   --> src/audio_compare.rs:138:9
    |
138 |     let rms_similarity = if rms1 > 0.0 || rms2 > 0.0 {
    |         ^^^^^^^^^^^^^^ help: if this is intentional, prefix it with an underscore: `_rms_similarity`
    |
    = note: `#[warn(unused_variables)]` on by default

   Compiling gensokyo_dsp v0.1.0 (/home/aik/Projects/RustroverProjects/gensokyo_dsp)
warning: `gensokyo_dsp` (lib) generated 2 warnings (run `cargo fix --lib -p gensokyo_dsp` to apply 1 suggestion)
warning: `gensokyo_dsp` (lib test) generated 2 warnings (2 duplicates)
    Finished `test` profile [unoptimized + debuginfo] target(s) in 1.46s
     Running unittests src/lib.rs (target/debug/deps/gensokyo_dsp-466d6eb07854d875)

running 0 tests

test result: ok. 0 passed; 0 failed; 0 ignored; 0 measured; 0 filtered out; finished in 0.00s

     Running unittests src/main.rs (target/debug/deps/gensokyo_dsp-b6cc6e30ee5d0c42)

running 0 tests

test result: ok. 0 passed; 0 failed; 0 ignored; 0 measured; 0 filtered out; finished in 0.00s

     Running tests/param_tests.rs (target/debug/deps/param_tests-56581c692a77aa6d)

running 40 tests
test test_vol_atk_0_0547 ... ok
test test_vol_atk_0_2518 ... ok
test test_vol_atk_0_8080 ... ok
test test_vol_atk_0_7489 ... ok
test test_vol_atk_0_1496 ... ok
test test_vol_atk_0_1058 ... ok
test test_vol_atk_0_3102 ... ok
test test_vol_atk_0_2007 ... ok
test test_vol_atk_0_4051 ... ok
test test_vol_atk_0_7025 ... ok
test test_vol_atk_0_5506 ... ok
test test_vol_atk_0_4958 ... ok
test test_vol_atk_0_6055 ... ok
test test_vol_atk_0_4536 ... ok
test test_vol_atk_0_6519 ... ok
test test_vol_atk_0_3540 ... ok
test test_vol_sus_0_1496 ... ok
test test_vol_sus_0_0 ... ok
test test_vol_atk_0_8502 ... ok
test test_vol_sus_0_0547 ... ok
test test_vol_atk_0_9515 ... ok
test test_vol_atk_1_0 ... ok
test test_vol_sus_0_1058 ... ok
test test_vol_sus_0_3540 ... ok
test test_vol_sus_0_2518 ... ok
test test_vol_sus_0_4536 ... ok
test test_vol_sus_0_2007 ... ok
test test_vol_sus_0_3102 ... ok
test test_vol_sus_0_4051 ... ok
test test_vol_atk_0_9051 ... ok
test test_vol_sus_0_4958 ... ok
test test_vol_sus_0_5506 ... ok
test test_vol_sus_0_8080 ... ok
test test_vol_sus_0_7025 ... ok
test test_vol_sus_0_8502 ... ok
test test_vol_sus_0_7489 ... ok
test test_vol_sus_0_6519 ... ok
test test_vol_sus_0_9515 ... ok
test test_vol_sus_0_6055 ... ok
test test_vol_sus_0_9051 ... ok

test result: ok. 40 passed; 0 failed; 0 ignored; 0 measured; 0 filtered out; finished in 24.00s

     Running tests/synthesis_tests.rs (target/debug/deps/synthesis_tests-e76125c64d793650)

running 183 tests
test list_available_tests ... ignored
test test_a_color_0_7025 ... ok
test test_a_color_0_0547 ... ok
test test_a_color_0_2007 ... ok
test test_a_color_0_1496 ... ok
test test_a_color_0_3540 ... ok
test test_a_color_0_1058 ... ok
test test_a_color_0_3102 ... ok
test test_a_color_0_8080 ... ok
test test_a_color_0_5506 ... ok
test test_a_color_0_2518 ... ok
test test_a_color_0_4051 ... ok
test test_a_color_0_4536 ... ok
test test_a_color_0_0 ... ok
test test_a_color_0_6519 ... ok
test test_a_color_0_6055 ... ok
test test_a_color_0_7489 ... ok
test test_a_color_0_9051 ... ok
test test_a_color_0_8502 ... ok
test test_a_color_0_9515 ... ok
test test_a_color_1_0 ... ok
test test_a_form_0_05 ... ok
test test_a_form_0_15 ... ok
test test_a_form_0_1 ... ok
test test_a_form_0_5 ... ok
test test_a_form_0_25 ... ok
test test_a_form_0_45 ... ok
test test_a_form_0_2 ... ok
test test_a_form_0_4 ... ok
test test_a_form_0_35 ... ok
test test_a_form_0_3 ... ok
test test_a_form_0_55 ... ok
test test_a_form_0_6 ... ok
test test_a_form_0_75 ... ok
test test_a_form_0_7 ... ok
test test_a_form_0_65 ... ok
test test_a_form_0_8 ... ok
test test_a_form_linear ... ok
test test_a_form_1_0 ... ok
test test_a_form_0_85 ... ok
test test_a_form_0_9 ... ok
test test_a_form_0_95 ... ok
test test_a_freq_0_3102 ... ok
test test_a_freq_0_3540 ... ok
test test_a_freq_0_4536 ... ok
test test_a_freq_0_5506 ... ok
test test_a_freq_0_4051 ... ok
test test_a_freq_0_6055 ... ok
test test_a_freq_0_4958 ... ok
test test_a_freq_0_2518 ... ok
test test_a_freq_0_6519 ... ok
test test_a_freq_0_7489 ... ok
test test_a_freq_0_8080 ... ok
test test_a_freq_0_2007 ... ok
test test_a_freq_0_7025 ... ok
test test_a_freq_0_1496 ... ok
test test_a_noise_0_1058 ... ok
test test_a_noise_0_1496 ... ok
test test_a_noise_0_0547 ... ok
test test_a_freq_0_8502 ... ok
test test_a_noise_0_2007 ... ok
test test_a_freq_0_9051 ... ok
test test_a_freq_0_9515 ... ok
test test_a_freq_1_0 ... ok
test test_a_noise_0_2518 ... ok
test test_a_freq_0_1058 ... ok
test test_a_noise_0_3540 ... ok
test test_a_noise_0_4536 ... ok
test test_a_noise_0_3102 ... ok
test test_a_noise_0_4051 ... ok
test test_a_noise_0_5506 ... ok
test test_a_noise_0_6055 ... ok
test test_a_noise_0_4958 ... ok
test test_a_noise_0_6519 ... ok
test test_a_noise_0_7489 ... ok
test test_a_noise_0_7025 ... ok
test test_a_noise_0_8080 ... ok
test test_a_noise_0_8502 ... ok
test test_a_noise_0_9051 ... ok
test test_a_noise_1_0 ... ok
test test_a_noise_0_9515 ... ok
test test_a_freq_0_0547 ... ok
test test_b_form_0_1058 ... ok
test test_b_form_0_0547 ... ok
test test_b_form_0_1496 ... ok
test test_b_form_0_2007 ... ok
test test_b_form_0_2518 ... ok
test test_b_form_0_3102 ... ok
test test_b_form_0_3540 ... ok
test test_b_form_0_4051 ... ok
test test_b_form_0_4958 ... ok
test test_b_form_0_4536 ... ok
test test_b_form_0_5506 ... ok
test test_b_form_0_6519 ... ok
test test_b_form_0_6055 ... ok
test test_b_form_0_7489 ... ok
test test_b_form_0_7025 ... ok
test test_b_form_0_8080 ... ok
test test_b_form_1_0 ... ok
test test_b_form_0_9051 ... ok
test test_b_form_0_8502 ... ok
test test_b_form_0_9515 ... ok
test test_b_freq_0_0547 ... ok
test test_b_freq_0_2007 ... ok
test test_b_freq_0_1058 ... ok
test test_b_freq_0_3102 ... ok
test test_b_freq_0_1496 ... ok
test test_b_freq_0_2518 ... ok
test test_b_freq_0_3540 ... ok
test test_b_freq_0_4536 ... ok
test test_b_freq_0_4051 ... ok
test test_b_freq_0_6055 ... ok
test test_b_freq_0_8080 ... FAILED
test test_b_freq_0_7489 ... ok
test test_b_freq_0_8502 ... FAILED
test test_b_freq_0_9051 ... FAILED
test test_b_freq_0_9515 ... ok
test test_b_freq_0_7025 ... ok
test test_b_freq_1_0 ... ok
test test_b_freq_0_6519 ... FAILED
test test_b_freq_0_5506 ... FAILED
test test_osc_mix_0_0547 ... ok
test test_default_synthesis ... ok
test test_osc_mix_0_1058 ... ok
test test_osc_mix_0_1496 ... ok
test test_osc_mix_0_2007 ... ok
test test_osc_mix_0_2518 ... ok
test test_osc_mix_0_3102 ... ok
test test_osc_mix_0_4051 ... ok
test test_osc_mix_0_3540 ... ok
test test_osc_mix_0_4536 ... ok
test test_b_freq_0_4958 ... FAILED
test test_osc_mix_0_5506 ... ok
test test_osc_mix_0_4958 ... ok
test test_osc_mix_0_6055 ... ok
test test_osc_mix_0_6519 ... ok
test test_osc_mix_0_7025 ... ok
test test_osc_mix_0_7489 ... ok
test test_osc_mix_0_7937_b_freq_0_0547 ... ok
test test_osc_mix_0_7937_b_freq_0_1058 ... ok
test test_osc_mix_0_7937_b_freq_0_2007 ... ok
test test_osc_mix_0_7937_b_freq_0_1496 ... ok
test test_osc_mix_0_7937_b_freq_0_2518 ... ok
test test_osc_mix_0_7937_b_freq_0_3102 ... ok
test test_osc_mix_0_7937_b_freq_0_3540 ... ok
test test_osc_mix_0_7937_b_freq_0_4051 ... ok
test test_osc_mix_0_7937_b_freq_0_4536 ... ok
test test_osc_mix_0_7937_b_freq_0_7489 ... FAILED
test test_osc_mix_0_7937_b_freq_0_8080 ... FAILED
test test_osc_mix_0_7937_b_freq_0_8502 ... FAILED
test test_osc_mix_0_7937_b_freq_0_9051 ... FAILED
test test_osc_mix_0_7937_b_freq_0_7025 ... ok
test test_osc_mix_0_7937_b_freq_0_6519 ... ok
test test_osc_mix_0_7937_b_freq_0_6055 ... ok
test test_osc_mix_0_7937_b_freq_0_9515 ... FAILED
test test_osc_mix_0_7937_b_freq_1_0 ... ok
test test_osc_mix_0_7937_b_freq_0_5506 ... ok
test test_osc_mix_0_8080 ... ok
test test_osc_mix_0_8502 ... ok
test test_osc_mix_0_9051 ... ok
test test_osc_mix_0_9515 ... ok
test test_vol_fade_0_0547 ... ok
test test_osc_mix_1_0 ... ok
test test_vol_fade_0_1496 ... ok
test test_vol_fade_0_1058 ... ok
test test_vol_fade_0_2007 ... ok
test test_vol_fade_0_2518 ... ok
test test_vol_fade_0_3102 ... ok
test test_vol_fade_0_3540 ... ok
test test_vol_fade_0_4051 ... ok
test test_vol_fade_0_4536 ... ok
test test_osc_mix_0_7937_b_freq_0_4958 ... ok
test test_vol_fade_0_4958 ... ok
test test_vol_fade_0_6519 ... ok
test test_vol_fade_0_5506 ... ok
test test_vol_fade_0_8080 ... ok
test test_vol_fade_0_7025 ... ok
test test_vol_fade_0_7489 ... ok
test test_vol_fade_0_6055 ... ok
test test_vol_fade_1_0 ... ok
test test_vol_fade_0_8502 ... ok
test test_vol_fade_0_9051 ... ok
test test_vol_fade_0_9515 ... ok

failures:

---- test_b_freq_0_8080 stdout ----

测试 'b_freq_0.8080' 结果:
  采样率匹配: 是
  声道数匹配: 是
  时长差异: 0.000 秒
  RMS差异: 0.032846
  相似度: 93.36%

thread 'test_b_freq_0_8080' panicked at tests/synthesis_tests.rs:2170:16:
b_freq=0.8080 测试失败: "相似度 93.36% 低于阈值 95.00%"
note: run with `RUST_BACKTRACE=1` environment variable to display a backtrace

---- test_b_freq_0_8502 stdout ----

测试 'b_freq_0.8502' 结果:
  采样率匹配: 是
  声道数匹配: 是
  时长差异: 0.000 秒
  RMS差异: 0.039766
  相似度: 90.18%

thread 'test_b_freq_0_8502' panicked at tests/synthesis_tests.rs:2181:16:
b_freq=0.8502 测试失败: "相似度 90.18% 低于阈值 95.00%"

---- test_b_freq_0_9051 stdout ----

测试 'b_freq_0.9051' 结果:
  采样率匹配: 是
  声道数匹配: 是
  时长差异: 0.000 秒
  RMS差异: 0.041738
  相似度: 90.88%

thread 'test_b_freq_0_9051' panicked at tests/synthesis_tests.rs:2192:16:
b_freq=0.9051 测试失败: "相似度 90.88% 低于阈值 95.00%"

---- test_b_freq_0_6519 stdout ----

测试 'b_freq_0.6519' 结果:
  采样率匹配: 是
  声道数匹配: 是
  时长差异: 0.000 秒
  RMS差异: 0.034779
  相似度: 91.87%

thread 'test_b_freq_0_6519' panicked at tests/synthesis_tests.rs:2137:16:
b_freq=0.6519 测试失败: "相似度 91.87% 低于阈值 95.00%"

---- test_b_freq_0_5506 stdout ----

测试 'b_freq_0.5506' 结果:
  采样率匹配: 是
  声道数匹配: 是
  时长差异: 0.000 秒
  RMS差异: 0.032702
  相似度: 92.42%

thread 'test_b_freq_0_5506' panicked at tests/synthesis_tests.rs:2115:16:
b_freq=0.5506 测试失败: "相似度 92.42% 低于阈值 95.00%"

---- test_b_freq_0_4958 stdout ----

测试 'b_freq_0.4958' 结果:
  采样率匹配: 是
  声道数匹配: 是
  时长差异: 0.000 秒
  RMS差异: 0.031703
  相似度: 94.02%

thread 'test_b_freq_0_4958' panicked at tests/synthesis_tests.rs:2104:16:
b_freq=0.4958 测试失败: "相似度 94.02% 低于阈值 95.00%"

---- test_osc_mix_0_7937_b_freq_0_7489 stdout ----

测试 'osc_mix_0.7937_b_freq_0.7489' 结果:
  采样率匹配: 是
  声道数匹配: 是
  时长差异: 0.000 秒
  RMS差异: 0.043828
  相似度: 88.30%

thread 'test_osc_mix_0_7937_b_freq_0_7489' panicked at tests/synthesis_tests.rs:2418:16:
osc_mix_0.7937_b_freq_0.7489 测试失败: "相似度 88.30% 低于阈值 95.00%"

---- test_osc_mix_0_7937_b_freq_0_8080 stdout ----

测试 'osc_mix_0.7937_b_freq_0.80800' 结果:
  采样率匹配: 是
  声道数匹配: 是
  时长差异: 0.000 秒
  RMS差异: 0.039021
  相似度: 89.53%

thread 'test_osc_mix_0_7937_b_freq_0_8080' panicked at tests/synthesis_tests.rs:2429:16:
osc_mix_0.7937_b_freq_0.8080 测试失败: "相似度 89.53% 低于阈值 95.00%"

---- test_osc_mix_0_7937_b_freq_0_8502 stdout ----

测试 'osc_mix_0.7937_b_freq_0.8502' 结果:
  采样率匹配: 是
  声道数匹配: 是
  时长差异: 0.000 秒
  RMS差异: 0.029588
  相似度: 94.77%

thread 'test_osc_mix_0_7937_b_freq_0_8502' panicked at tests/synthesis_tests.rs:2440:16:
osc_mix_0.7937_b_freq_0.8502 测试失败: "相似度 94.77% 低于阈值 95.00%"

---- test_osc_mix_0_7937_b_freq_0_9051 stdout ----

测试 'osc_mix_0.7937_b_freq_0.9051' 结果:
  采样率匹配: 是
  声道数匹配: 是
  时长差异: 0.000 秒
  RMS差异: 0.030852
  相似度: 94.51%

thread 'test_osc_mix_0_7937_b_freq_0_9051' panicked at tests/synthesis_tests.rs:2451:16:
osc_mix_0.7937_b_freq_0.9051 测试失败: "相似度 94.51% 低于阈值 95.00%"

---- test_osc_mix_0_7937_b_freq_0_9515 stdout ----

测试 'osc_mix_0.7937_b_freq_0.9515' 结果:
  采样率匹配: 是
  声道数匹配: 是
  时长差异: 0.000 秒
  RMS差异: 0.032055
  相似度: 94.32%

thread 'test_osc_mix_0_7937_b_freq_0_9515' panicked at tests/synthesis_tests.rs:2462:16:
osc_mix_0.7937_b_freq_0.9515 测试失败: "相似度 94.32% 低于阈值 95.00%"


failures:
    test_b_freq_0_4958
    test_b_freq_0_5506
    test_b_freq_0_6519
    test_b_freq_0_8080
    test_b_freq_0_8502
    test_b_freq_0_9051
    test_osc_mix_0_7937_b_freq_0_7489
    test_osc_mix_0_7937_b_freq_0_8080
    test_osc_mix_0_7937_b_freq_0_8502
    test_osc_mix_0_7937_b_freq_0_9051
    test_osc_mix_0_7937_b_freq_0_9515

test result: FAILED. 171 passed; 11 failed; 1 ignored; 0 measured; 0 filtered out; finished in 86.03s

error: test failed, to rerun pass `--test synthesis_tests`
